// Jest Snapshot v1, https://goo.gl/fbAQLP

exports[`Wordmark should render correctly 1`] = `
<JiraWordmark
  iconColor="inherit"
  iconGradientStart="inherit"
  iconGradientStop="inherit"
  label=""
  size="medium"
  textColor="currentColor"
/>
`;
