// Jest Snapshot v1, https://goo.gl/fbAQLP

exports[`ak-button/default-behaviour isLoading set the opacity of the text to 0 when isLoading is true 1`] = `
.emotion-2 {
  -webkit-align-self: center;
  -ms-flex-item-align: center;
  align-self: center;
  display: -webkit-inline-box;
  display: -webkit-inline-flex;
  display: -ms-inline-flexbox;
  display: inline-flex;
  -webkit-flex-wrap: nowrap;
  -ms-flex-wrap: nowrap;
  flex-wrap: nowrap;
  max-width: 100%;
  position: relative;
}

.emotion-3 {
  -webkit-align-items: baseline;
  -webkit-box-align: baseline;
  -ms-flex-align: baseline;
  align-items: baseline;
  border-width: 0;
  box-sizing: border-box;
  display: -webkit-inline-box;
  display: -webkit-inline-flex;
  display: -ms-inline-flexbox;
  display: inline-flex;
  font-size: inherit;
  font-style: normal;
  font-weight: normal;
  max-width: 100%;
  outline: none !important;
  text-align: center;
  -webkit-text-decoration: none;
  text-decoration: none;
  white-space: nowrap;
  background: rgba(9,30,66,0.04);
  border-radius: 3px;
  box-shadow: 0 0 0 2px inherit;
  color: #42526E !important;
  cursor: default;
  height: 2.2857142857142856em;
  line-height: 2.2857142857142856em;
  padding: 0 8px;
  -webkit-transition: background 0.1s ease-out,box-shadow 0.15s cubic-bezier(0.47,0.03,0.49,1.38);
  transition: background 0.1s ease-out,box-shadow 0.15s cubic-bezier(0.47,0.03,0.49,1.38);
  -webkit-transition-duration: 0.1s,0.15s;
  transition-duration: 0.1s,0.15s;
  vertical-align: middle;
  width: auto;
  pointer-events: none;
}

.emotion-3::-moz-focus-inner {
  border: 0;
  margin: 0;
  padding: 0;
}

.emotion-3:hover {
  -webkit-text-decoration: inherit;
  text-decoration: inherit;
}

.emotion-0 {
  display: -webkit-box;
  display: -webkit-flex;
  display: -ms-flexbox;
  display: flex;
  position: absolute;
  left: 50%;
  top: 50%;
  -webkit-transform: translate(-50%,-50%);
  -ms-transform: translate(-50%,-50%);
  transform: translate(-50%,-50%);
}

.emotion-1 {
  -webkit-align-items: center;
  -webkit-box-align: center;
  -ms-flex-align: center;
  align-items: center;
  -webkit-align-self: center;
  -ms-flex-item-align: center;
  align-self: center;
  -webkit-flex: 1 1 auto;
  -ms-flex: 1 1 auto;
  flex: 1 1 auto;
  margin: 0 4px;
  max-width: 100%;
  overflow: hidden;
  text-overflow: ellipsis;
  white-space: nowrap;
  -webkit-transition: opacity 0.3s;
  transition: opacity 0.3s;
  opacity: 0;
}

.emotion-2 {
  -webkit-align-self: center;
  -ms-flex-item-align: center;
  align-self: center;
  display: -webkit-inline-box;
  display: -webkit-inline-flex;
  display: -ms-inline-flexbox;
  display: inline-flex;
  -webkit-flex-wrap: nowrap;
  -ms-flex-wrap: nowrap;
  flex-wrap: nowrap;
  max-width: 100%;
  position: relative;
}

.emotion-3 {
  -webkit-align-items: baseline;
  -webkit-box-align: baseline;
  -ms-flex-align: baseline;
  align-items: baseline;
  border-width: 0;
  box-sizing: border-box;
  display: -webkit-inline-box;
  display: -webkit-inline-flex;
  display: -ms-inline-flexbox;
  display: inline-flex;
  font-size: inherit;
  font-style: normal;
  font-weight: normal;
  max-width: 100%;
  outline: none !important;
  text-align: center;
  -webkit-text-decoration: none;
  text-decoration: none;
  white-space: nowrap;
  background: rgba(9,30,66,0.04);
  border-radius: 3px;
  box-shadow: 0 0 0 2px inherit;
  color: #42526E !important;
  cursor: default;
  height: 2.2857142857142856em;
  line-height: 2.2857142857142856em;
  padding: 0 8px;
  -webkit-transition: background 0.1s ease-out,box-shadow 0.15s cubic-bezier(0.47,0.03,0.49,1.38);
  transition: background 0.1s ease-out,box-shadow 0.15s cubic-bezier(0.47,0.03,0.49,1.38);
  -webkit-transition-duration: 0.1s,0.15s;
  transition-duration: 0.1s,0.15s;
  vertical-align: middle;
  width: auto;
  pointer-events: none;
}

.emotion-3::-moz-focus-inner {
  border: 0;
  margin: 0;
  padding: 0;
}

.emotion-3:hover {
  -webkit-text-decoration: inherit;
  text-decoration: inherit;
}

.emotion-0 {
  display: -webkit-box;
  display: -webkit-flex;
  display: -ms-flexbox;
  display: flex;
  position: absolute;
  left: 50%;
  top: 50%;
  -webkit-transform: translate(-50%,-50%);
  -ms-transform: translate(-50%,-50%);
  transform: translate(-50%,-50%);
}

.emotion-1 {
  -webkit-align-items: center;
  -webkit-box-align: center;
  -ms-flex-align: center;
  align-items: center;
  -webkit-align-self: center;
  -ms-flex-item-align: center;
  align-self: center;
  -webkit-flex: 1 1 auto;
  -ms-flex: 1 1 auto;
  flex: 1 1 auto;
  margin: 0 4px;
  max-width: 100%;
  overflow: hidden;
  text-overflow: ellipsis;
  white-space: nowrap;
  -webkit-transition: opacity 0.3s;
  transition: opacity 0.3s;
  opacity: 0;
}

.c1 {
  -webkit-animation: 1s ease-in-out forwards cZJnvt;
  animation: 1s ease-in-out forwards cZJnvt;
  display: -webkit-box;
  display: -webkit-flex;
  display: -ms-flexbox;
  display: flex;
  height: 24px;
  width: 24px;
}

div + .c1 {
  display: none;
}

.c2 {
  -webkit-animation: 0.86s cubic-bezier(0.4,0.15,0.6,0.85) infinite ibwhYF;
  animation: 0.86s cubic-bezier(0.4,0.15,0.6,0.85) infinite ibwhYF;
  fill: none;
  stroke: #42526E;
  stroke-dasharray: 69.11503837897544px;
  stroke-dashoffset: 55.29203070318036px;
  stroke-linecap: round;
  stroke-width: 2px;
  -webkit-transform-origin: center;
  -ms-transform-origin: center;
  transform-origin: center;
}

.c0 {
  display: inline-block;
  vertical-align: middle;
}

<button
  autoFocus={false}
  className="emotion-3"
  disabled={false}
  onBlur={[Function]}
  onClick={[Function]}
  onFocus={[Function]}
  onMouseDown={[Function]}
  onMouseEnter={[Function]}
  onMouseLeave={[Function]}
  onMouseUp={[Function]}
  type="button"
>
  <span
    className="emotion-2"
    onClick={[Function]}
  >
    <div
      className="emotion-0"
    >
      <span
        className="c0"
      >
        <span
          className="c1"
          size={24}
        >
          <svg
            className="c2"
            focusable="false"
            height={24}
            size={24}
            viewBox="0 0 24 24"
            width={24}
            xmlns="http://www.w3.org/2000/svg"
          >
            <circle
              cx={12}
              cy={12}
              r={11}
            />
          </svg>
        </span>
      </span>
    </div>
    <span
      className="emotion-1"
    >
      Some text
    </span>
  </span>
</button>
`;
