// Jest Snapshot v1, https://goo.gl/fbAQLP

exports[`Button should be found by data-testid Using container snapshot 1`] = `
.emotion-2 {
  -webkit-align-items: baseline;
  -webkit-box-align: baseline;
  -ms-flex-align: baseline;
  align-items: baseline;
  border-width: 0;
  box-sizing: border-box;
  display: -webkit-inline-box;
  display: -webkit-inline-flex;
  display: -ms-inline-flexbox;
  display: inline-flex;
  font-size: inherit;
  font-style: normal;
  font-weight: normal;
  max-width: 100%;
  outline: none !important;
  text-align: center;
  -webkit-text-decoration: none;
  text-decoration: none;
  white-space: nowrap;
  background: rgba(9,30,66,0.04);
  border-radius: 3px;
  box-shadow: 0 0 0 2px inherit;
  color: #42526E !important;
  cursor: default;
  height: 2.2857142857142856em;
  line-height: 2.2857142857142856em;
  padding: 0 8px;
  -webkit-transition: background 0.1s ease-out,box-shadow 0.15s cubic-bezier(0.47,0.03,0.49,1.38);
  transition: background 0.1s ease-out,box-shadow 0.15s cubic-bezier(0.47,0.03,0.49,1.38);
  -webkit-transition-duration: 0.1s,0.15s;
  transition-duration: 0.1s,0.15s;
  vertical-align: middle;
  width: auto;
}

.emotion-2::-moz-focus-inner {
  border: 0;
  margin: 0;
  padding: 0;
}

.emotion-2:hover {
  -webkit-text-decoration: inherit;
  text-decoration: inherit;
}

.emotion-1 {
  -webkit-align-self: center;
  -ms-flex-item-align: center;
  align-self: center;
  display: -webkit-inline-box;
  display: -webkit-inline-flex;
  display: -ms-inline-flexbox;
  display: inline-flex;
  -webkit-flex-wrap: nowrap;
  -ms-flex-wrap: nowrap;
  flex-wrap: nowrap;
  max-width: 100%;
  position: relative;
}

.emotion-0 {
  -webkit-align-items: center;
  -webkit-box-align: center;
  -ms-flex-align: center;
  align-items: center;
  -webkit-align-self: center;
  -ms-flex-item-align: center;
  align-self: center;
  -webkit-flex: 1 1 auto;
  -ms-flex: 1 1 auto;
  flex: 1 1 auto;
  margin: 0 4px;
  max-width: 100%;
  overflow: hidden;
  text-overflow: ellipsis;
  white-space: nowrap;
  -webkit-transition: opacity 0.3s;
  transition: opacity 0.3s;
  opacity: 1;
}

<div>
  <button
    class="emotion-2"
    data-testid="iamTheDataTestId"
    type="button"
  >
    <span
      class="emotion-1"
    >
      <span
        class="emotion-0"
      >
        Button
      </span>
    </span>
  </button>
</div>
`;
