// Jest Snapshot v1, https://goo.gl/fbAQLP

exports[`ConfluenceSpaceFilter should render space filter correctly 1`] = `
<WithItemFocus(Item)
  elemBefore={
    <React.Fragment>
      <ForwardRef />
      <ForwardRef
        appearance="square"
        borderColor="transparent"
        size="small"
        src="test.png"
      />
    </React.Fragment>
  }
  isCompact={true}
  onClick={[Function]}
  onKeyDown={[Function]}
>
  Test space
</WithItemFocus(Item)>
`;
