// Jest Snapshot v1, https://goo.gl/fbAQLP

exports[`Panel component header matches the snapshot 1`] = `
<WithFocusWithin(styled.div)
  onClick={[Function]}
>
  <styled.div
    isHidden={false}
  >
    <WithAnalyticsContext(WithAnalyticsEvents(Button))
      appearance="subtle"
      aria-expanded={false}
      iconBefore={
        <ChevronRightIcon
          label="expand"
        />
      }
      spacing="none"
    />
  </styled.div>
  <span>
    <span>
      Header
    </span>
  </span>
</WithFocusWithin(styled.div)>
`;
