// Jest Snapshot v1, https://goo.gl/fbAQLP

exports[`renderer.ts: call onContentRendered() on native bridge. 1`] = `
Array [
  Object {},
]
`;

exports[`renderer.ts: call onContentRendered() on native bridge. 2`] = `
Array [
  Object {},
]
`;
