// Jest Snapshot v1, https://goo.gl/fbAQLP

exports[`text-color.ts: Can change text color 1`] = `
Array [
  Object {
    "states": "{\\"color\\":\\"#172b4d\\",\\"disabled\\":false,\\"palette\\":{\\"Dark gray\\":\\"#172b4d\\",\\"Light gray\\":\\"#97a0af\\",\\"Purple\\":\\"#6554c0\\",\\"Teal\\":\\"#00b8d9\\",\\"Green\\":\\"#36b37e\\",\\"Red\\":\\"#ff5630\\",\\"Orange\\":\\"#ff991f\\"},\\"defaultColor\\":\\"#172b4d\\",\\"borderColorPalette\\":{\\"light-gray\\":\\"#8993A4\\",\\"purple\\":\\"#403294\\",\\"teal\\":\\"#008DA6\\",\\"green\\":\\"#006644\\",\\"red\\":\\"#BF2600\\",\\"orange\\":\\"#FF8B00\\"}}",
  },
  Object {
    "states": "{\\"color\\":\\"#008DA6\\",\\"disabled\\":false}",
  },
]
`;
