// Jest Snapshot v1, https://goo.gl/fbAQLP

exports[`Can properly set content when given invalid nodes 1`] = `
Object {
  "content": Array [
    Object {
      "content": Array [
        Object {
          "text": "Hello text",
          "type": "text",
        },
      ],
      "type": "paragraph",
    },
    Object {
      "attrs": Object {
        "originalValue": Object {
          "attrs": Object {},
          "type": "broken",
        },
      },
      "type": "unsupportedBlock",
    },
  ],
  "type": "doc",
}
`;
