// Jest Snapshot v1, https://goo.gl/fbAQLP

exports[`static asset rendering tests generator: icons match snapshots: archiveAttachment 1`] = `"iVBORw0KGgoAAAANSUhEUgAAABwAAAAcCAYAAAByDd+UAAAACXBIWXMAAAsTAAALEwEAmpwYAAABS0lEQVRIDWNkAIL43Fbv////dwOZmiA+DcB1oPkli6fWbmOEWraFBpZgGAm01JsJ6jMMSVoIMDIy9jABDaZVMGJzsybIQroCFhJsW8jE8H8BTP0/Bsb9MDYpNAkW/n+wYErtAZjhcTktMCZJ9GAOUkaFhJxmB5h3/jH8PwhjMzAwKgDZ8kBMEJAQpAzxwHiLh5m4aEoNI4wdl9PcALS0HsbHR9M9SOluISlBipItgMF4ABF0jAoINn4WCRZiZAt7/EZjlx3MQTqaLbDHGboo3eOQEVgI/0d3BRb+b2BN4QYTB5Y4aQwM/6VgfFoUbf9QaorcZg+G/4yRCAuJZ9E9SInN+EwoNcV/Rjni/YSqklgLWcmt4VGtY2Cge5CCLLyO7goa8q+D2qUlNLQAxWiQXcyXTu+/rWfqeBrYSDUCyoqiqKAeB9TUTwA19QEyYmlGzGmYAwAAAABJRU5ErkJggg=="`;

exports[`static asset rendering tests generator: icons match snapshots: audioAttachment 1`] = `"iVBORw0KGgoAAAANSUhEUgAAABwAAAAcCAYAAAByDd+UAAAACXBIWXMAAAsTAAALEwEAmpwYAAAB/0lEQVRIDdVWO0sDQRCe2RNTiGIjgv4CK4NWPpA0gpA6QfIXxC7+BEEwv8DGWtOKjSAoqJUiERGsjRELHyBIfNw4Y+7OuLd7yUVPcOGy8/y+nZ3N7SHwoFw6CwirLI6InsC4YMwibp5uo0e2lQCJCTKrvMpMziRsJcWoSW2jacEjQvino+sHbMS5t0BwzXMVFM8uVj9lpBofxTkAXNTx4xDuAOEaKLwCfKlCX+oG145fdUBfp/zoM8s/ICR3BcuVXR+w5ayQwA1Htd9DRxnSw4CtLHG2NMCiTKYLBu4H2TD8+SAOBTK9l7B8dhYEa0JsQsqNTgM+7PGBMO+O46xrHN9Uc9K3EE1xUBYZP8+D6ThRW0bb6r8kvOR+zgK9pqDf6YbHp6OocqMOTZ1f7CV+Y+zzG4QA3+SK0UeNiSawfH6nO2y6jZDJ3EncqJzYEj37chwyyTH3kCtrg4yLd01VR67RTCjb2M5A6LGGuW6vyWchNIV6NqLuwItqPpB1weKzEOKMnv+lN/kICpRPL/A9hb5fZLHxtVXwbc2zOOVe00cdSE1h+eS42UG5sXE+TIds+6qyEXDAk98GWexUwxz+tRFK5Evje8fvJ1dGsMR2nSyMGmGJIoxI69xl6WHngK0yhTD2f6kVaIT/QgiLEQG/7Soq+fxm1Cw/SVYq2Fnh+gB5ZITRADNiIQAAAABJRU5ErkJggg=="`;

exports[`static asset rendering tests generator: icons match snapshots: decision 1`] = `"iVBORw0KGgoAAAANSUhEUgAAADAAAAAwCAYAAABXAvmHAAAACXBIWXMAAAsTAAALEwEAmpwYAAACe0lEQVRoBe1asU7DMBCtXRYY8h/wAbTMILFAxde0DAhViAH4GkRZkCgrhQ+A/+hAp8bcU9qCQs6xzxeJIZaA1Hf37j2fYzuhpkOt/3ixmzt7S5dH9LONPkFbUMyzNflodnL9KYhnQ3r34z3XXRI/c1g4uak1bog8pjDmr2TIWIQ4w9ws7cHb2fgjLqzau/cw7juTP5G1zG9Og9W3rpvfVBir0cJ6sxVmmLfHy0MeUVnuzJ2lC0wb7ZaMWUN+xdccQoB0zmuL3uCFkS/cIaCJ9iwFjSHf6dDNLE3kicNNfO6xs6Y48h3K0x1pCqBl1D1KV6Bo8s4eY6XbYofDb5gbAAzGM79bmFVEfpVbWoEMazMSh1HkvVLIA1UqALHJIlLJpwpIEoHjC7PDArfc2CmbUoF1ElElsIsSQPl4sMb8/ZclD6cQAfPfaMy1QMT6YMYgFt1e8nCpFYDVhvwaElGwZH7XkkdcrQAslQ2JeGGIozuIPBxrBcCpCRG04Q0JuqqyweTBLUgAHLVFYBfFro3dm+DxMPSzk0dskGZ/cvlFwdyJdPF+erVD9k3TWLs3YAoXqIDv5PjHpl2JVA12dXKsnovMqfI/ibDeueh5rpWIwO6bOuLleFPuiP0ceU9M6J4axObw+QevQhxIZCWSn5XLPJIFADBCBLfalXkFf1YRUBIRnFzDUU3AWoQGqRgMVQExibV8WwFaIynFaSsgHTmtuLYCWiMpxWkrIB05rbi2AlojKcVpKyAdOa24tgJaIynFaSsgHTmtuCYqgNeEXPPZuBhvfwMC3NST8c+bPo9vkEldAP53S5kr3/ThmyxBrCKc1AX43vRpfw0HOr8BJ1ZMOXqFmWwAAAAASUVORK5CYII="`;

exports[`static asset rendering tests generator: icons match snapshots: documentAttachment 1`] = `"iVBORw0KGgoAAAANSUhEUgAAABwAAAAcCAYAAAByDd+UAAAACXBIWXMAAAsTAAALEwEAmpwYAAAA9ElEQVRIDe2WMQ7CMAxF7YhLVMwI9Sy5DmywwQTHgBsgrlLBjjiGsVEHlDhRqeqooHpq4sQ/fnXkILAt9uSR4MCftYwNrAGC1X2LV2zFLgYicUgC79rMYqfFDMLRcVwrjNqRaxEsarOE2hMB1oz7kfBnpwlhTvAuwipcqAqK2G2D53DxN+Pljrgw4RTuGQdSwSEnHABpmCCoSHlVJTj4XwxuxZEWF0whna5F72JSkU7XojdP3vg71yLXEXIE1KLp2i1SHSEnOA6kXa7FB9JcQpFPRcqr/qtbNFHedhONkxexXfwgMms5eX6zqGeXZaby1Pei9QKQmF9FdSD/WQAAAABJRU5ErkJggg=="`;

exports[`static asset rendering tests generator: icons match snapshots: error 1`] = `"iVBORw0KGgoAAAANSUhEUgAAADAAAAAwCAYAAABXAvmHAAAACXBIWXMAAAsTAAALEwEAmpwYAAAGR0lEQVRoBdVafUxbVRTve6XQD0tJKJOJ0xkTYYaEzQWZMy4yGAMqqKBuDE22yAATo07/0fi30X/8iPEPVmdmYgBxDhUsMAbTYFwcRAaRGLbEOD8qyygJpfaDlrb298JtXm/ffX2lHXYvae695557zu/cd9+9555TTpWGp6e9xWzyul5TOx11vHu5SO1aMnFul4YL+ATpYY1WFTYYA0FjvjNkyLMHTeZhp8747hFrryNV9dxGBXzVfuje7H+db6gdf1uy7VcLuYA/KVFhTbbKX3Tf9aD5Tpv/NtPbT1r7fktKwDpz0gaMvdx2u99+tUc7P1XJ+b1Jj5cCGc7WhX3F5Rd8BXcfaer67IYUD4umGMBge7ueX/n9lPbK5CHe7eRZAlOhBw15odXi8r5Q7j1tDVarR4ksRQbY2g9XZP968ULWjT/1SoSmyrO25S6P//69+y3Wzy8lkpXQgKGjzcdzZse6btasswCGDKaQZ2dVR8Pp/lMsHtBlDbC11nbpp8c6VME1ORk3rS+cpVF5d1WdtHSPdLKUMA0QwE+NdLAGbibdU17XZekefkFKp+THOHisqU2YeakR/wNNd3msE5ikVMe9AXyw2qnhi5u95qXAiWn4JnzldXvpDzvmDWCrxG6TaeBhCDABGzCKDYsxAPv8Zm2VYhBK68Cmdl2zivmjSwgnLDdx5p9Esx/mOJWv9JFxdX7Ri0sqlSPXvfKmbm7iJd7ripkMsRKpekhnDHlL9324Ysh9K1+lMgeX7B9p536o4sJhKfYoDYfdSkXDVnJiZ5EeuAc6BScswNefnagm4yLliYFjT32vvzzar/asKDIC69m980BT4+kvv1mXA6eueqh535jul4kqkey4qtq9zGsX/+gBPzoFhXDMtPOTlXHcEgTMPE0GEM+umiYAo/votnBAlR18QgQ+yiIlO9opqmivTO0HZpAEA+BVcn5fdDmJeOOqWDZxxAgBgDCrckYQ8A2ffjEoJYMlm+aFE5nlWn4ddMEAuMQ0E6uNNc/qE95EZHaljEgEHjLlZNM6NUt2ATOHy0jhj2cXlfrzQX1uaG33wcbaT87YaKGkPXj0mQb97LmvyYYA8IEHamTHjDz/tCXr53MDSr8j3CeuP9xcwOMmpRQ8AEKBZnp0AAoJYLrEEvGsvwml4CFTKXjoA2aj1/UqN9K4ZyZn/qcyGkSitlJgkCP3tjARAE/eViK94v7Vkj2z3GhVyaLmr3mzuENpXYkRcrJSAQ+5q9t2OHhcwOWUyPVh1hItJ9b4VMFDrsblMPGIHrCUKKFvxIh0gAc2YOdJ6EMJWBZPMkakC7xgQCRso+joZwHPBDqPoFOqTzIfM3YkssWmqhfYeUTMUhEE8AAkt1XS8sXnBN2XTBvYeYT7khkk5iXgWb6NmJeup8OIgNHs5BGrpIUraSsBjw8WP5Y8GAEHEO4Ji0eWbjDZeQRaZZkkOgEeiuVmHv4QzohE5wRxxTdiRMBkHuIRJYZjpPTBTYq6jMQNFTtzZIsFLY5xnUCMgGwWD00HZpfO+J5wBxipKV3IuTZXSDNJtd3llg8e67adkOoDLXI7e9wwc74fwMU8Spbct62W9w1TtlfE41j11e2lC7Wjc3cIShDiZjHSdNxhaRpps8CjHwbBxZZ7E3KyiQ5SBvKLBMyCAYjPI8RNOuVKXMCl+gEe92J65sW8xAjwiumkzpJN+kkJrGvGvHfQFgxAcsFXUv4dYZArET2g+wl4Jf48jMASkzJCSjatC23kEkhCJHoP7u98bovp0sCC3AxicKaFVaIGAJzt8IEe/fT5FtQz9fHurumu7x19luCL3SkimREkF0hnppXAFjRubxfjijEAaR1kRrDliZkyoY6InHfHQ4/SqacYAwAU0V9kRpBcyJQHWHxllccbP+6bojHFfAPizlslwcE0AMZkRoqpmpmdAUZZA8AgZGtmxk8m2l7Bm85HcD1STfIRQLd0mpUYgcwIkgvZ85MtCHETejpL7DT+kgd7sVXSuw1LT8IlRA/EiY34PELc6fyrgbe4Yny1YFsrSVzQelntpA0gghCfR4gbUeLInz22JhNfhYz1P3sswKuEY0Z8GyJfablhA8QKEOFGoFXjdNSr3M4iRMyk/m6DO6wqcg3ETQqXkXT83eY/B4ZZZ/zxV1IAAAAASUVORK5CYII="`;

exports[`static asset rendering tests generator: icons match snapshots: genericAttachment 1`] = `"iVBORw0KGgoAAAANSUhEUgAAABwAAAAcCAYAAAByDd+UAAAACXBIWXMAAAsTAAALEwEAmpwYAAAB60lEQVRIDe2WPUjDQBSA38UqdNBF3cRRugi6uOjiWEQ6ORpEN63i1A5NJWgCdrB0SJ1tOihUqQhODi5OLqIudXNwEHRysKA157uakngxVwmmkweh7/9rXt5dQgCXvKIlgMA2ijGmh7BqBGi6ZGRPiA07DgHiKYnQhGTfmccZhoECyUlYOKw2/vSfYwzY0RVpQ3sBoBsgSTeSZVE+tkGlbonALMas8j4/XQyksGAWs1W/ZNt+hoN3j7Ow0yau6RYC64ONUxYlL2tTlJAhd8FyMXPQ0s2ikp9P6lGcQq1l8/sVPsOKqr6xRCrBOiF0333xBctGRkegztt5XQjkg9vpJUPJYmvzorjAwMVUrtdbmND640jKa3csgYHvr401p4wjVSpzlqN5JeHQeMMdCxsQOalNEoBbSqhry+j94NKcjC8pMNAuFMfacaCI/eUK3FK+PoKPTEMh7OJ9bv3PgO6iIvkfKOpOIF/HWyrcFnOq2sPOU2JBAQ/vQ9Et4VZ8YH6WA8/+kUJg9Ckyg6lVc1e58C/x3dPMEWwMIRAP4j05uTXs9wJ2oz4A8F0Mo2jbdNt5WQwE6AMgBcCXvYV00RJ7ncyODw0D1hx+6FIN+07ToWNsAGN1XV+e341NTF/hsxpH+0BIcPapv8Q+9T8B81CC+EkQkBoAAAAASUVORK5CYII="`;

exports[`static asset rendering tests generator: icons match snapshots: info 1`] = `"iVBORw0KGgoAAAANSUhEUgAAADAAAAAwCAYAAABXAvmHAAAACXBIWXMAAAsTAAALEwEAmpwYAAAFL0lEQVRoBdVaXWhbVRy/99yPJukwTdqkTeNkpSqbqA9SUAYWVkFYP2QDP3A+CeuqD2KdVebbREHRTou+TBF8qwwEB/1YEda9CSL44J5sneum7WqSpomsSZP75f1dPeH29qa5SU5tcyE55/zPOf/z+9/z9T+/c3mOwfPg0HjbpiG+qejiccWQ40VDDqqGKGkcsbQLnM6JvKrIfDEr8cVliahXfLx6YWFqLFVv83ytCu4/8VG3osjv5Az/wF2tuUP/D6xXfcQ06oCwsRrg8zOSVPzgt8tv3/Ba116uagO6nploL6jCZEYLHTPfcNX17Y3TuNlDRouUnvdLhVM3vnsrQeVeQs8AOofOBwQ9/FVaD76g6tK/Y8NLC1WUMYeXHhL+vqSR9OmVqfM5L1U9GfBA/8TjKePAfE4PBLworbdMgORybfzdvsXZ0R8r6ar4JrsHLwyvGKEf/i/wAIy20GbX0PjpSgbs2AP3DUxcTKqREZ3bsVilNmrOx0SPiKkvbs+MvlJOiVAuA+D/UqMjxh6BBy60vaE398SP9HZkF+Zm3LC6GoCuSyjt7+4leDvYvO7vOfjQ0eXMwvc/2+WIbxsbmLAYf7u10jgBeE2LRNE7+fWjzom9xQAslXn13iSLCcubA6CZbKQB0BwGYRa9idXJL/4ZsS+xW1YhrPMswIucZsTE1efXrpxpxQ9xyLy+7XLlgE00Ql/a80s9gB02oYRWWAydVmFtfmX2tafsDXX2f351TWvts8tqiWOza/cnY3THLvUA3AMW4AFK4NVfneDcZM4yXtKms0jyStMkLWsZAMcso4eOUWG9YcHwPe3U4SZzlvGazijhPmBGeRF/8Co1g41jBn1ZLdgdH/hsXjaKLyNd5OWvU2rQahDpeh84kUqx6ZypZ9gyAC5xvUqd9VNqG3p0ySlnlc5xPgszj8PIH8WOZLX+PCsgteqBm3FQXo2IOEntBvjd2AfsxgLzpsafNfc38bg9g0Xc2gekO8/RfaBDTpwUObXufcCJTeGa+gnOsM6MetNBIXPt5vTYt1TP0tQbl4NSZp6mWYUKJ8UJDuCsFFI9oqD9QuM0FHn9Oo2zCot6U5CAPWClkOrhdU6jcRq6yWherSGwE0p91KpkL+sBe8mV2Esg9bRNQDo16gPsBIxZoxoA7AR0X6MaIJNCloCrbFQDJE5ZJiBaG9eAwiwBSwzHqNEeYPYJxicEFDdY4kYzwMR8B9itfQAUd6MZEOA2LcyWAeDnQXE3ihHAKsmFD4HXMgCXCy3C+jVWBhiE28b4uclqbQ93CfRCpORK+Js2XwT7VatSez3VII/Y04irmvCoU1ZLGrQKLkJo3ZIB4FnCJHuJZtQTZpWWvkNDn56gOroGx5/Nai1MWI+wmP2GckLQz9NGEDYitbjFABixX8ldDJ2olHri96mxn4CTPqUhRAVgf6NicmQ/bW7AEhXWh53ggXnbagEhePjOw70xXC4gvdeP+eYvLs2Mvu+Gw9UAFMwuzk3HDz8Zy+uBHhbUuFvjlWTWmzfB355+/dVyZcsagAowAjcjecM3qBvCtvlSTikLOZb0dilx5tb02fd20ucJ1H6+Zt2xB6jl6cW55fCRxybuIfqhoiE9rJsEOs1jGWKliUjpSUFI9N6aObfkRXfVQLpPfhwFPw+Km+WnBiExfdUnF16yb1K7YgBVan3sYVLcYInNjz1i1fKrmKBwieFVwjGjvg3V7zWsugfcFFuf25hEK7hK0H1gzFw/tzHPsDgGSlxhFocRFp/b/ANYTy6YXOs7ZAAAAABJRU5ErkJggg=="`;

exports[`static asset rendering tests generator: icons match snapshots: note 1`] = `"iVBORw0KGgoAAAANSUhEUgAAADAAAAAwCAYAAABXAvmHAAAACXBIWXMAAAsTAAALEwEAmpwYAAADX0lEQVRoBe1aTWgTQRR+s9ntbn6aFkFQT7b4h6CXHgrV0KS1Bw+iR+tNL3rwJPagRV2h7cGCIHir6KFg8SAIHqVJay56Uyn+nAw9qLSC/UmbTTa7z1lpIYRkNrzZNh4yl+zOe++b73tvZrM7uwwaaAP99y+7Vuwh2FongNJAhIyLC6DZK4qRv5Gev/fMD4n5OaQSE89xMz4M6OcZsJ0zY5G1mUz29iURckhkTKXGzmO+Y3zXyW+TKusnuo71fcjl0t+2u6p/hfOBFdsmm0beY8qrzmxtspp05blQgOuEDlQ6N+PYLWv7ReMKBTBgvmtEBB6EjaH4qiEUEASBncZoCdjpDPvhq34OQrviIuhWjq+UgtCvnhHBwKLRBa5CXmt0AaFy2Ymv9GRnzU/1+DXSP5gwjztW50dwVBIX8hpAYzMtS94TOJs1P3tYjYit5UMWUAusGX1kAcyKDHjllyWdGDRPelhUHNK8+zcYn7NOYc9C6tSD78DAohBAhDCsGgebs4g9xvzqgYVIN4V8UDH0CmwxYKpdBIYOiRCyEJY1nRS7FUQXwFxUYqtX0/N3pmQIpFLjV3Ct/Qkg7b+AvIjB2HgvS94TnsmMPlWMwjtqEugCFPxFHbQ6zlXcpeq+Rs/JAljJGOo5Z0YaHaie39leM85K+pl6dr9+8hpAuy0aX25fSiYm3vAbGdK9EPKnXqukD3EsciLIArzMYEmPQkm/IPO8LxPrcSBPIS/4f2j0CnjbHtH1FzGleP31nPm7UoyZNNWMog4r+eiU7HW+ErfWMV1AeONL5u2ti7VAzTmzzPunk8lxhLWO6Vo+QfWRpxBT3AU/EnvBfuXnI2snC0BbTQCYwvhl0G7KEvSLp0+hYnjfQB9+RW3ssRuCP5UDhRxHRdQGMR8TbgtWxlCP6QL4iK4VOQxW5FH1Ay3fnt21JpwCu8ZCYqCWAInkBRLaqkAgaZQAaVVAInmBhLYqEEgaJUBaFZBIXiChrQoEkkYJEGEFEPj2a5MbMhDe3AoFKCHnR5P5g6LaP0UchAJQL43wrfPmNf6SGDV7RERA+K2E941C16HTR4F/syAC2RGbt+sRWZ/JzI9OiPCFArzA3OLsy+4jvYuIoX7+PsDgsCK8AGze5zalFQjnr81lR+/6Af4F+4brbuUBCYUAAAAASUVORK5CYII="`;

exports[`static asset rendering tests generator: icons match snapshots: success 1`] = `"iVBORw0KGgoAAAANSUhEUgAAADAAAAAwCAYAAABXAvmHAAAACXBIWXMAAAsTAAALEwEAmpwYAAAFlUlEQVRoBdVaS2wbRRjOvvyOncRxkk2AUpJGovRUUiFxgtxKoUIIEUJqXg0piBtwgAMSCCS4wLlUCClN0ygVD/EIlZAoEgckLkiNVA5tKpCo7bZOYsfxY1/eZb8tY22ctb3rR2xGsnZ29p///76d2Zn//8dUVxPK+PR0f5ZT3pRo5aj+G5EoJSTTRa5IqYZ2RqO7OJWRXRq75VLZmP67GJDZT64uLa03ap6qV8HYC1OjeVV9J8eKx7ZZYUj9D6xdfbROqlvx3PQr7hUfTX+0Nr983W5fs5xjAvtnpwdzknh+w519VH/DjvubjZO6PkJaWPZf6i4Gnru+sHCbtNu52gYwPPeETxPdn6+7slMypdB2lDuV0aeWGpYDy5RbnI2f+T5vp78tAvdGow/ddm1eyjOiz47SRmV8RXd+QOqb/Hth4fdauphaAvdEn3kl7kl9I9Kyq5Zss55jAcixwsvDBx+MZ1av/FFNb9UR4J9/+vQtz9YptUurpqNlz2iN6hoUQ58lzn75aiUjFUcA4BOe9Kn2QL8DV8fflWWFCf7QxFD28pUVKxKWBO46MTV705t+v53gzWDzjDAxcvBIzGo67ZpC+GBjnuRvrVppzMCc1DmNVUeEyMPlH/YOAlgq00U1uVerjRMCkMXq1MPQEfMSu2M9xzrfqeBBANg0kTuDOimlEcAOe4NKxTtt6hCg5IrN7m4xwpMduzQCcA86HTxI6M4ivc1kzxNCxgjAMfvLlbrWLN+GKG/VFb7Tfqn3ABxAYwTgVf5fwOOlAGteK76NukEALjFu9rIMisFf9hX4+/BD3antPCsbmCkEI2uBjaRTf96pQbM8L4bOJea/iprbel98ci3lyo6a26rVEU+MZcMRGpFUu8EDqFdlfqoGuPwZMOdY+Q0aYWD5w1bdW715Ykuh1XFSt3sVmeJjIDBit0MjctXA7zvx7LFNNjfpVD+wswjAnXaEvF/f1oOK52vUM6zwVK5KsFMLfNyb/k6pIzwFdhbBA0A4KQDPCz382uJiBv3GZmZeT7q3r26x+cFyPXbA17uBAjutr6nlNmve480T8BBGPSJ2j4dk346AvJXgYRfYS64EGhopBgmp+0BI9iahp9XgCVYaSSenBXNenzbB8n4g0asx48NC33vl6zyRxQeLOV/vtCF6cAV2ynPyqCQwsuPvQH/TtyJScNw8lczKrerNBA/9niIn00j3WRmr1bbFFQbx4VqNhFXfZoOHDWCnkau0MminDatO0rV9rRaJVoA3COjYQeCiHbCVZLa4/EA1Eq0CDzzuIvMjjSwxHKNGyh0SmbXykWgleGD2K9ynRkATeul4Qgcx1AgJ9A0q3s2g7I2GhP5fU971t5LuzLvNWG2scPUo/kT6i2+HWTxEilsncNJK0Elbhi306b+VG95NJ93qkvUp3Epa72nMHeTnEabVpakNnYDVRzEfw7RBALFlWAw4joragN0wibMEciBS+nq7Nf80sl/tAmXXLtIqOAgh8iUCyLP0S4Fl8qBTr2HZt0RyQsBYIoAbnIwgfYd6JxZgo9zynBnbDgLIOeJkpBOnEqZOWAg8Ys6Lgsiu9Hp6dTWGkxE9L38c+flOKDjo4KW+2X/OLe86I9hFAICRhx86dJjH4UInEBiS+k7Hzi5/aIXFkgAEs5f//IF/4DCfZ8WJdm0QePMAn5i/8JoVeLRVJICHIDFy/5FYgZUf1/Mwezqh8B3yhd65+MKFD4ClUrEFqpOPWXesQpVY4lgHJyO8GFzEalBJrtF26IYN2Co/Sqqk29YImDuPRqMDyM9vcLnJZmW04dvom+jPAdU/Y96kzHYr1R0TIIqMP3voKW5kiTNMgXeaX4U/Hyx6E/Aq4ZgR34bot3utm4DZADLcSLQiV4l0X62/2yCSQjDSjL/b/AtBobesCzmkCwAAAABJRU5ErkJggg=="`;

exports[`static asset rendering tests generator: icons match snapshots: taskItemChecked 1`] = `"iVBORw0KGgoAAAANSUhEUgAAADAAAAAwCAYAAABXAvmHAAAACXBIWXMAAAsTAAALEwEAmpwYAAAC+UlEQVRoBe2aTWgTQRTH/7tJLJIaxR4M1JutIBZabKoieBGk+IFowF4ET4J61rZoQcGilx4ED1JvftwsTRQR9K7QQ4sUAtUWD0KxCEVraRVp4jpvtxubZSczu3G/ZAeSyezOm/3933szmYRRYJYzk2ehYIg1O9grYV4OWV1hPCVouI1ibozYFB0wPzUKaBf1z1F5UzCK8dxlBYbnn0aFu4ZTQ5+6njY11yPTYCmvMljK+aiWDhIQ1gkr49QECYh0iQUEHb44AnEEGvRA5FMo2aAD/on5/vY0Bk9n0dqSwtv3KxgeW8DSKu3bxCVwAcf2bUVxYBeaUsa+8gATc3hPMw5d/4ByRRMqCDSFCP7Z4F94k7anLY2jnRmzWbcOTIAJvylpeN5Kmd0mlxyBCDi+7nke/G+WOW9mVqyabNu+CyD4IksbHjxRXn00j7mFX7bA1ou+CpCBH3g8j7svvlg5uW3fBJzoFnue4Eeey8OTKkcCFDbfWrYkkUrYTzyemwi+wJbKemnjBt6RgIO705i5txeLDzvx7UkXruWzIEGi4iU8PVtqrdrenMTLoTZQTSXdpOLOuVY9Gv0s7Brn+8ZreGKRSqHerkwVnozMcuXUDoyc32kbiZM579LGfD7VUgI4DtbHsRNB8OP93uT8RnhpAa/efcfictlqW21vFOEnPAEoyE/Wc3AVkibx6xvtyGzm/4lRmFgCCfBitamCWD5ICyA7GRGW8WuabpfKmkEsDak5YNpMzK6i99Ycln/K7dVNO6q9gKdxHQkgAzcivIJ3JcCpCC/hXQuQFeE1fEMCRCL8gG9YgCniyM1ZTH38QU18/rqGC/c/Od5V6sYu3hwto6LxaZdaZj+neHsjkb2b+1KbOdmB1yT+RZAdS7af42VUdmC/+sUC/PI07zlxBHie8ev6fxEB51tLv9wrfk6FIlAS9wttj5KqH5wILZ8AjB36UI1TH8oDQdfw3abDHuzEijGJC92XWCT6GOU0e4V5ThDbtM7KTqqQV/8AG6v0NgjN/m0AAAAASUVORK5CYII="`;

exports[`static asset rendering tests generator: icons match snapshots: taskItemUnchecked 1`] = `"iVBORw0KGgoAAAANSUhEUgAAADAAAAAwCAYAAABXAvmHAAAACXBIWXMAAAsTAAALEwEAmpwYAAABo0lEQVRoBe2aPU7DQBCFdxcb7IhISKTBhQvEj6i4glsKOu4AR4ATwBHgDnQUSFS5AwUiUKUIEj8SUkic4NUuHkdW0iTNQ2aNZgvHnmhm33xvXK2lKFeSeM2OWNNKrVjP+GXYpV+pVeYZM+7viE/RbmvSJguB0WEjDNKWNVq5JHieFqk8k47Cd9G7GUqRkw+7XlSKv74839rd3ojz1ibNzatSddwK+/j00j06OXumrYsmYt2TzShpZctilYIfD7enjSA4pntX13A0ulrfO7ggff63+FI08/RA5F0XTzpJI2mle9Kuyhe2GBuK1mCVWkn79KV1beYXgZzROm1gUYLD/3EDf20OO8AOgAR4hECAcDo7ACMEC7ADIEA4nR2AEYIF2AEQIJzODsAIwQLsAAgQTmcHYIRgAXYABAinswMwQrAAOwAChNPZARghWIAdAAHC6ewAjBAs8I8cyM9hQRjVpc9oVXR8TzvTIXJ1CrCdSq2kvfYH3fX/1KAws8YfeywVDfQ7md6PB+GrUNYqmV8ncWxUfz2bZt7XNh1smjdxfzemDX4AMpiOvlfrSYUAAAAASUVORK5CYII="`;

exports[`static asset rendering tests generator: icons match snapshots: tip 1`] = `"iVBORw0KGgoAAAANSUhEUgAAADAAAAAwCAYAAABXAvmHAAAACXBIWXMAAAsTAAALEwEAmpwYAAAEjklEQVRoBe1ZXWgcRRzf78vu7d0luaRJK7Em4kdNWysBDUoFKeKLgrZNUgq9tiBVfDfPfWurIgiihT6kDVqaBo34hSjCUYpGaC3UWiRY2jRaml6vl+Yut9+zzoCB67EzO7t7u/rQfbnd/8fvY3dnZ3aPZVq0DRTGHtVdMK4J5jabtTssFigW5wgIXgS8LbpcXQD8HRlIPyosf/jPE1NXWkHNRgV5YO/O95Z57fWaYORcSjBEqtryUsZuO3Zjcnqcss2zLLSBvn2jb1b4+rs1Xlc9kSmD0ES1HSjjC8dPH6VsuacssIHBkRFpMW39cluqbbkHKeJBl6Fe6KmLw79PT5tBoAIZWL9nT39FXDq3LGidQUhoa7OWXM4bmaGrJ0/O0/ZQG0Dib0nlPzTelGjBw9TJjmT0au2P0ZrgaEjQbYPOfNzikRbIkSqnqucRJ402KgPono/rtvESuSxq+UXFmvXKNcd8DfQVxt5q9YBtFuF1fDtVe+rBws43vHKNMV8DFXHlSGNDkvsVQX/Hj49oAE1SUZ/zfgJI+aqgZ9cVRg6RaogG0AxLak4iVxO0AyQerIGBfTseQcsDUnMSuSpvdPbv3r0ex4U1oAN2nHZtgwNvRdxlXcYQzbdxWFgDGmduwzUlHdc46yUcJ9aAzTmxLBdwQkhxh8VrwRpA63kSaJI5qCWN48Mb+PdlBNeYZNzibOyyAmsAMC71Qi9uMyQtWAMS4J24hdHiiy5v42qxBmQ3dQvXlHRccaRFHCfWgGJJ3+Kako63OdLXOE68AY47xP4PhgHLsIzkytgFJXGg5ve/erks1jbg3CcRz1uZy+WJmUEcF/YKoAbZ4XfxLrEEh9uSOOR2lbo0RgIjqvtr8rOLnaZ6hgQQZ67TSJ9ZmJq6ROIgGkCNqpgaFV0BkEDiyElAAKrURjz7iJf3I1/69dLK2k1bsvDl4lm/2lbme83s+9cnTs/4YRIHcWNz997Xfi6lqsONsbj2u031p9LxL56jwfe9hVZBBvuf3Jqz5NLqcVy/kGMRit9Ki09toHjwoN3FpIfgpBLo0x+tEFQHP2qZPamOIbhLPeaoDSCCKxOnFnqM7HYuhkcrByfNXj3zytzRyb8RF+0WyAACnf/k1DdrTPVLWgLaum4jN3P106nvaetX6wIbQI2P92/eoTpttVWQqL8q/MS+YWDjaBgc38eoF+i1YhF0bdy8tirqz3jlg8a6LfXD3z746Lugfag+1BVAjQJgQ/0hgXqbN5nhP26O0R5TzwNegNyBF134tuSVoo6hwQuO/RBaR+grgBTmTOU6tVJMYc5S5jEpqnAkA1k7M5w31Tm0aqRiayjiAefmDXWuXVBaMo4aoO/v3j8DQc5A6NGPSB7ev6vvDqMX7worAwB+hA2yoXeMdlM5Wzrx+Quwj3rt08wRaRCX2fpsRawFFo9EWKzNlVLLz/cWtn/VLCrIcWgD6OwvCfV1Qci8au+KeqSv4KENeIn5L2KhDaClNZyEbkYVnXHkYhSM0AYQaRejPN1hpa+h5UDQTYAT2Ro9e/aJhza9HLS3sf4fzxZawdxwc1UAAAAASUVORK5CYII="`;

exports[`static asset rendering tests generator: icons match snapshots: videoAttachment 1`] = `"iVBORw0KGgoAAAANSUhEUgAAABwAAAAcCAYAAAByDd+UAAAACXBIWXMAAAsTAAALEwEAmpwYAAABfElEQVRIDe2WvUrDUBTHz4lCEVwdxMVBhCJIO4s4OAbcWjr7DAUnQXFw0EdwcxDsWlwt4gPYLsVHEGfBQXL8n5Bgzs2VfpBkyoVLzsf/nl9yem9SJgzptEJiuoHZVL+EMUXNPj++PXECG5YA8ZUMg+TJfMkyYrcBqpbVRt8NNxVY6aiBhbd71VPxA7F3TPHksqEtODvZgMfW87eNuZbmXOCYGtEB30++UsF/V9wNU7d9h/s6zWmERkTRFQ0mz9BcQ3OWaiyQaTgPTBczqgD6APMPGIPknAfj1xQgJN+prVe7S4V+ssmZdiBWv0KXWZhvvQX6FAXHamDBDXU3TeHl8wXtb8hkj0lebyMRW31EF9LbP7Qi61mg8Il09tatxO/FB5+k62SPKApepNsaSa99HGtYGlkNI4m4GZ/w9JXkxo0Izibmrht0/JmvNtVvJNNZu5Sb+7jbli5Vc7FFNXCxfs2h1pbqTqpqTBXYr4qmrED/fsMIMct8Uq0dKusX3CpVbygTLWQAAAAASUVORK5CYII="`;

exports[`static asset rendering tests generator: icons match snapshots: warning 1`] = `"iVBORw0KGgoAAAANSUhEUgAAADAAAAAwCAYAAABXAvmHAAAACXBIWXMAAAsTAAALEwEAmpwYAAAF7UlEQVRoBe1ZeWwUVRifve+zB8W2dHup7bbde4uVcERJiIoiRurxh4lBMI20sgseEGWNMVSL4YyGyBFKD7vQyj9E4x9qNAYiKVRBkkYq3R7s1t2eu52l167zmswynZ3tvpmdQkycZDPvfe/3/b7vNzP75n1vOMgSHq0OY5UUmX0mNMs//eqRrr+WMBT71Bd364/NfMaNRhuQaLBeFDnvML3OfhQE4SwFaVutZd3z2V0/CLhzMfrhadnshUDFsq0HL43EjCw0uCxwxFEUq/45RUweANKEk3ydYPhMHDhFA+sCzjmMLxoV/TqqvOwaz9OtDlsu1RhTG+sCSuRDxzgJHkwFf4qTLRhrYZoslR+rAtqdxhq9wptJFQi32TS9qxprrWV4P9UzawJcLoRrUA7uT5aQmDeDFCuGm5LhYMdZE2AIVXxYKPUrYQJbVR5Dm9O0GgabDMOKgB9da/kWZf+7yYLh43xOBCmUBE7h/VTOrAhAJ/2HciWjYjqJmJX9hW1OyyY6PlRYPpWRjs1ds1ZuU3VuI/sE58TR30bzvkfnhF1pgvA6u+a2nc+592IDM1Wp9M6XmN8Fsi+dfsp3QCX3fZUhCgqIQWciPOQ7n37jk592b3j2wPX3Ht9/q/Jbf2k9EQPaZUpvVofD+AbZTqefkoDGXVWZdrVnCzngzVDWwJZDnReJ9quy63uHphQzRBtolykHG8AMRrbD9hk7ggDZPP9ZtSAcxxGeE46RE8CSjIRmRXfJ9mKZX2UKlu8h22H7ccFhHRvfsudXajzrKfEcJEpt51DaDarBPWAmo/RJYmQsIF850iLjTSdYNCSJShrOk4xI0GDgAMkM1WUkoHWH1WRT9a6EigAJMmv6ao67LFJIeAzGSEC+ItAk4s7GSNhoZIkmBLowepwuF20B2HL4Cau6r5RuIBi8Te15+cTOx7QwWBxDW8AjEu9JHrYUWIpDw0d5OtFwIx1uWgLcdeZqk3ogj04AuthKteepZmcVdAxaAvQq71G6CdHFy3lTnBzBEHTRAy2g3WnYUarwZtBNiAkeKz2rztSZK2B8oQSAV71BMfgJDCEbGDE2wz0sH22C4YISYA6W7yuUBRQwhGxhsKKn3L3btiYZX1IBbpdeiP1x30lGxPY4KHoKRL7TyXiTCpBNcg7niOkVK8mCwo5jRU/+Oad582L4RQWAYsWq6t26GAHVGC8aEVHZ+UiE1oINFD2PSr1fUHHhtkUFqOVDJzNFIVpBAXGBLFBw+m2jGg8Czl87zCuzJaO01zpY0bOsw2l4k8hFbCdcTYJiZaP2mpdqvU8kSNS+MbF86MZE3nPdmstX9BPGFyrVfWdysVVnIvxi9ltoxnhz1K91YTUFGZfw6ubyAk1MkwdBwJXDfpensKdGJOsix6XVL5JiRY+3fC+CXP+Y7Eh5B5prjcWbHrrZLWVpvU8OyqTfH9aGeyIVynWunxYsgyn/AzpZqImN5OeiXGR0Whp325kIAI/fJOo/SPaNE9DsrLRY1bftZCDd/rWJ3N7zflORdi/Kc/tMa3rQ9CBdDjLepurbTi564gQUiX1nhYQPE2QSmD7YfbjCy9S/1NDZA/DVn1/7+deRFavAdksqR6YwKMhD0RNEjgUC3HXW9VZVXwkRwKTdF9b+vd3ViRJ9Xzt89Y87d9ULbMRx2LZd5alu2WZJx/ELBBQrfSe41BsHOB7qLONPpZGBYEmiFIYpX3Bk7GJ9jRDlLtcEG3FMTIB7p+UVo3JgBT6QyrlE5kv/ZlfF+0QOLTrTDiouoo1pG/vGsAFs6wD/2DT6574sf6ncF7s1TMlxv0iUg3SN5/QGI6LbGcJQOZvcIMYvw0WXVtffqpoXAIqVzVm/H8GD/xfO4AXZ6jWZ5h8hbHuP8dbegxILtnV04tFD8wJ0kpHMB5VIKnGzhKGyeQHhiODexn0qjPfZdzrKuzsvoHM8t+k+x045HHgp9kxmfBSbhTocFbU5kvEaMIez8CpIOcFEBFGEEx2bEQ8MhrUfkL9BJPL5376UV+BfEqSxNez8mT4AAAAASUVORK5CYII="`;
